{"timestamp": "2026-06-03T16:35:44.080760", "player": "Nicolás González", "club": null, "url": null, "status": "not_found"}
{"timestamp": "2026-06-03T16:44:26.976197", "player": "Alistair ⁠Johnston", "club": null, "url": null, "status": "not_found"}
{"timestamp": "2026-06-03T16:44:27.801927", "player": "Ayoub Al Alawi", "club": null, "url": null, "status": "not_found"}
{"timestamp": "2026-06-03T16:44:28.726940", "player": "Homan Al Amin", "club": null, "url": null, "status": "not_found"}
{"timestamp": "2026-06-03T16:44:30.938494", "player": "Pedro Miguel", "club": null, "url": null, "status": "not_found"}
{"timestamp": "2026-06-03T16:44:31.819061", "player": "Al Brake", "club": null, "url": null, "status": "not_found"}
{"timestamp": "2026-06-03T16:44:32.722070", "player": "Ahmed Fathy", "club": null, "url": null, "status": "not_found"}
{"timestamp": "2026-06-03T16:44:33.673335", "player": "Ahmed Alaa", "club": null, "url": null, "status": "not_found"}
{"timestamp": "2026-06-03T16:44:34.168155", "player": "Hassan Al Haydos", "club": null, "url": null, "status": "not_found"}
{"timestamp": "2026-06-03T16:44:34.582287", "player": "Youssef Abdulrrazaq", "club": null, "url": null, "status": "not_found"}
{"timestamp": "2026-06-03T16:44:36.396139", "player": "Bouaddi", "club": null, "url": null, "status": "not_found"}
{"timestamp": "2026-06-03T16:44:37.184082", "player": "Ayoube Amaimouni", "club": null, "url": null, "status": "not_found"}
{"timestamp": "2026-06-03T16:44:38.094237", "player": "Josué Duverger", "club": null, "url": null, "status": "not_found"}
{"timestamp": "2026-06-03T16:44:39.232705", "player": "JK Duverne", "club": null, "url": null, "status": "not_found"}
{"timestamp": "2026-06-03T16:44:39.608602", "player": "Jean-Jacques Danley", "club": null, "url": null, "status": "not_found"}
{"timestamp": "2026-06-03T16:44:40.181538", "player": "Pierre Woodenski", "club": null, "url": null, "status": "not_found"}
{"timestamp": "2026-06-03T16:44:41.117592", "player": "Alejandro Zendejas", "club": null, "url": null, "status": "not_found"}
{"timestamp": "2026-06-03T16:44:49.027862", "player": "Gio Reyna", "club": null, "url": null, "status": "not_found"}
{"timestamp": "2026-06-03T16:44:49.924321", "player": "Juan Cáceres", "club": null, "url": null, "status": "not_found"}
{"timestamp": "2026-06-03T16:44:50.366932", "player": "Alejandro Romero Gamarra", "club": null, "url": null, "status": "not_found"}
{"timestamp": "2026-06-03T16:44:51.747535", "player": "Paul Okon Jr", "club": null, "url": null, "status": "not_found"}
{"timestamp": "2026-06-03T16:44:52.170987", "player": "Cameron Devlin", "club": null, "url": null, "status": "not_found"}
{"timestamp": "2026-06-03T16:44:52.607350", "player": "Mathew Leckie", "club": null, "url": null, "status": "not_found"}
{"timestamp": "2026-06-03T16:44:53.754222", "player": "Mohamed Toure", "club": null, "url": null, "status": "not_found"}
{"timestamp": "2026-06-03T16:44:54.174392", "player": "Mohamed Hadj-Mahmoud", "club": null, "url": null, "status": "not_found"}
{"timestamp": "2026-06-03T16:44:54.518232", "player": "Mostafa Shobeir", "club": null, "url": null, "status": "not_found"}
{"timestamp": "2026-06-03T16:44:55.339252", "player": "Tarek Alaa", "club": null, "url": null, "status": "not_found"}
{"timestamp": "2026-06-03T16:44:55.697876", "player": "Ahmed Fattouh", "club": null, "url": null, "status": "not_found"}
{"timestamp": "2026-06-03T16:44:56.563606", "player": "Marwan Attia", "club": null, "url": null, "status": "not_found"}
{"timestamp": "2026-06-03T16:44:56.925579", "player": "Nabil Emad Dunga", "club": null, "url": null, "status": "not_found"}
{"timestamp": "2026-06-03T16:44:57.605257", "player": "Ahmed Sayed Zizo", "club": null, "url": null, "status": "not_found"}
{"timestamp": "2026-06-03T16:44:58.520926", "player": "Haitham Hassan", "club": null, "url": null, "status": "not_found"}
{"timestamp": "2026-06-03T16:44:59.802459", "player": "Hossein Hosseini", "club": null, "url": null, "status": "not_found"}
{"timestamp": "2026-06-03T16:45:00.971217", "player": "Saeid Ezatolahi", "club": null, "url": null, "status": "not_found"}
{"timestamp": "2026-06-03T16:45:02.119116", "player": "Dennis Dargahi", "club": null, "url": null, "status": "not_found"}
{"timestamp": "2026-06-03T16:45:03.226281", "player": "Nico Williams", "club": null, "url": null, "status": "not_found"}
{"timestamp": "2026-06-03T16:45:03.602675", "player": "Josimar Dias “Vozinha”", "club": null, "url": null, "status": "not_found"}
{"timestamp": "2026-06-03T16:45:04.504270", "player": "João Paulo Fernandes", "club": null, "url": null, "status": "not_found"}
{"timestamp": "2026-06-03T16:45:05.110907", "player": "Roberto Lopes “Pico”", "club": null, "url": null, "status": "not_found"}
{"timestamp": "2026-06-03T16:45:05.498867", "player": "Ianique Tavares “Stopira”", "club": null, "url": null, "status": "not_found"}
{"timestamp": "2026-06-03T16:45:08.099872", "player": "Edilson Borges “Diney”", "club": null, "url": null, "status": "not_found"}
{"timestamp": "2026-06-03T16:45:09.377555", "player": "Kevin Pina", "club": null, "url": null, "status": "not_found"}
{"timestamp": "2026-06-03T16:45:09.873365", "player": "Mohammed Al-Shamat", "club": null, "url": null, "status": "not_found"}
{"timestamp": "2026-06-03T16:45:10.232825", "player": "Alaa Al-Hajji", "club": null, "url": null, "status": "not_found"}
{"timestamp": "2026-06-03T16:45:11.990415", "player": "Maximiliano Araújo", "club": null, "url": null, "status": "not_found"}
{"timestamp": "2026-06-03T16:45:12.584261", "player": "Rocky ⁠Bushiri", "club": null, "url": null, "status": "not_found"}
{"timestamp": "2026-06-03T16:45:14.345801", "player": "Nicolás González", "club": null, "url": null, "status": "not_found"}
{"timestamp": "2026-06-03T16:45:14.756997", "player": "Abdelatif Ramdane", "club": null, "url": null, "status": "not_found"}
{"timestamp": "2026-06-03T16:45:15.102222", "player": "Yacine Titraoui", "club": null, "url": null, "status": "not_found"}
{"timestamp": "2026-06-03T16:45:15.877641", "player": "Noor Bani Attieh", "club": null, "url": null, "status": "not_found"}
{"timestamp": "2026-06-03T16:45:17.044693", "player": "Saleem Obeid", "club": null, "url": null, "status": "not_found"}
{"timestamp": "2026-06-03T16:45:17.412848", "player": "Mousa Al-Tamari", "club": null, "url": null, "status": "not_found"}
{"timestamp": "2026-06-03T16:45:18.000300", "player": "Ouda Al-Fakhouri", "club": null, "url": null, "status": "not_found"}
{"timestamp": "2026-06-03T16:45:18.647598", "player": "Mohammad Abu Zraiq", "club": null, "url": null, "status": "not_found"}
{"timestamp": "2026-06-03T16:45:19.017380", "player": "Nematov Abduvohid", "club": null, "url": null, "status": "not_found"}
{"timestamp": "2026-06-03T16:45:19.403307", "player": "Alijonov Khojiakbar", "club": null, "url": null, "status": "not_found"}
{"timestamp": "2026-06-03T16:45:19.761897", "player": "Karimov Behruzjon", "club": null, "url": null, "status": "not_found"}
{"timestamp": "2026-06-03T16:45:20.118084", "player": "Ulmasaliyev Avazbek", "club": null, "url": null, "status": "not_found"}
{"timestamp": "2026-06-03T16:45:20.494464", "player": "Xamrobekov Odiljon", "club": null, "url": null, "status": "not_found"}
{"timestamp": "2026-06-03T16:45:21.075281", "player": "Ganiev Azizjon", "club": null, "url": null, "status": "not_found"}
{"timestamp": "2026-06-03T16:45:21.451166", "player": "Amonov Azizbek", "club": null, "url": null, "status": "not_found"}
{"timestamp": "2026-06-03T16:45:22.908215", "player": "Carlos Gómez", "club": null, "url": null, "status": "not_found"}
{"timestamp": "2026-06-03T16:45:23.853161", "player": "Juan Camilo Hernández", "club": null, "url": null, "status": "not_found"}
{"timestamp": "2026-06-03T16:45:24.722622", "player": "Salomon Agbasi Lawrence Ati-Zigi", "club": null, "url": null, "status": "not_found"}
{"timestamp": "2026-06-03T16:45:25.239528", "player": "Kojo Oppong Preprah", "club": null, "url": null, "status": "not_found"}
{"timestamp": "2026-06-03T16:45:26.167958", "player": "Alexander Djiku", "club": null, "url": null, "status": "not_found"}
{"timestamp": "2026-06-03T16:45:27.085740", "player": "Thomas Partey", "club": null, "url": null, "status": "not_found"}
{"timestamp": "2026-06-03T16:45:27.497727", "player": "Kamal Deen Sulemana", "club": null, "url": null, "status": "not_found"}
{"timestamp": "2026-06-03T16:45:28.489012", "player": "Antoine Semenyo", "club": null, "url": null, "status": "not_found"}
{"timestamp": "2026-06-03T16:45:29.812311", "player": "Tomás Rodríguez", "club": null, "url": null, "status": "not_found"}
{"timestamp": "2026-06-03T16:45:47.080891", "player": "Alistair ⁠Johnston", "club": null, "url": null, "status": "not_found"}
{"timestamp": "2026-06-03T16:45:48.544867", "player": "Ayoub Al Alawi", "club": null, "url": null, "status": "not_found"}
{"timestamp": "2026-06-03T16:45:49.542036", "player": "Homan Al Amin", "club": null, "url": null, "status": "not_found"}
{"timestamp": "2026-06-03T16:45:51.915666", "player": "Pedro Miguel", "club": null, "url": null, "status": "not_found"}
{"timestamp": "2026-06-03T16:45:53.407482", "player": "Al Brake", "club": null, "url": null, "status": "not_found"}
{"timestamp": "2026-06-03T16:45:53.872584", "player": "Ahmed Fathy", "club": null, "url": null, "status": "not_found"}
{"timestamp": "2026-06-03T16:45:54.840438", "player": "Ahmed Alaa", "club": null, "url": null, "status": "not_found"}
{"timestamp": "2026-06-03T16:45:55.272874", "player": "Hassan Al Haydos", "club": null, "url": null, "status": "not_found"}
{"timestamp": "2026-06-03T16:45:55.657379", "player": "Youssef Abdulrrazaq", "club": null, "url": null, "status": "not_found"}
{"timestamp": "2026-06-03T16:45:56.893410", "player": "Bouaddi", "club": null, "url": null, "status": "not_found"}
{"timestamp": "2026-06-03T16:45:57.396038", "player": "Ayoube Amaimouni", "club": null, "url": null, "status": "not_found"}
{"timestamp": "2026-06-03T16:45:58.427141", "player": "Josué Duverger", "club": null, "url": null, "status": "not_found"}
{"timestamp": "2026-06-03T16:45:59.621738", "player": "JK Duverne", "club": null, "url": null, "status": "not_found"}
{"timestamp": "2026-06-03T16:46:00.051140", "player": "Jean-Jacques Danley", "club": null, "url": null, "status": "not_found"}
{"timestamp": "2026-06-03T16:46:01.074026", "player": "Pierre Woodenski", "club": null, "url": null, "status": "not_found"}
{"timestamp": "2026-06-03T16:46:02.178139", "player": "Alejandro Zendejas", "club": null, "url": null, "status": "not_found"}
{"timestamp": "2026-06-03T16:46:04.577068", "player": "Gio Reyna", "club": null, "url": null, "status": "not_found"}
{"timestamp": "2026-06-03T16:46:05.391246", "player": "Juan Cáceres", "club": null, "url": null, "status": "not_found"}
{"timestamp": "2026-06-03T16:46:05.754635", "player": "Alejandro Romero Gamarra", "club": null, "url": null, "status": "not_found"}
{"timestamp": "2026-06-03T16:46:06.776463", "player": "Paul Okon Jr", "club": null, "url": null, "status": "not_found"}
{"timestamp": "2026-06-03T16:46:07.735387", "player": "Cameron Devlin", "club": null, "url": null, "status": "not_found"}
{"timestamp": "2026-06-03T16:46:11.659329", "player": "Mathew Leckie", "club": null, "url": null, "status": "not_found"}
{"timestamp": "2026-06-03T16:46:12.971505", "player": "Mohamed Toure", "club": null, "url": null, "status": "not_found"}
{"timestamp": "2026-06-03T16:46:13.844309", "player": "Mohamed Hadj-Mahmoud", "club": null, "url": null, "status": "not_found"}
{"timestamp": "2026-06-03T16:46:14.328987", "player": "Mostafa Shobeir", "club": null, "url": null, "status": "not_found"}
{"timestamp": "2026-06-03T16:46:15.044091", "player": "Tarek Alaa", "club": null, "url": null, "status": "not_found"}
{"timestamp": "2026-06-03T16:46:15.419585", "player": "Ahmed Fattouh", "club": null, "url": null, "status": "not_found"}
{"timestamp": "2026-06-03T16:46:16.343236", "player": "Marwan Attia", "club": null, "url": null, "status": "not_found"}
{"timestamp": "2026-06-03T16:46:16.741989", "player": "Nabil Emad Dunga", "club": null, "url": null, "status": "not_found"}
{"timestamp": "2026-06-03T16:46:17.668728", "player": "Ahmed Sayed Zizo", "club": null, "url": null, "status": "not_found"}
{"timestamp": "2026-06-03T16:46:18.672254", "player": "Haitham Hassan", "club": null, "url": null, "status": "not_found"}
{"timestamp": "2026-06-03T16:46:19.968369", "player": "Hossein Hosseini", "club": null, "url": null, "status": "not_found"}
{"timestamp": "2026-06-03T16:46:20.389970", "player": "Saeid Ezatolahi", "club": null, "url": null, "status": "not_found"}
{"timestamp": "2026-06-03T16:46:21.304740", "player": "Dennis Dargahi", "club": null, "url": null, "status": "not_found"}
{"timestamp": "2026-06-03T16:46:22.133205", "player": "Nico Williams", "club": null, "url": null, "status": "not_found"}
{"timestamp": "2026-06-03T16:46:22.575273", "player": "Josimar Dias “Vozinha”", "club": null, "url": null, "status": "not_found"}
{"timestamp": "2026-06-03T16:46:23.444032", "player": "João Paulo Fernandes", "club": null, "url": null, "status": "not_found"}
{"timestamp": "2026-06-03T16:46:23.815796", "player": "Roberto Lopes “Pico”", "club": null, "url": null, "status": "not_found"}
{"timestamp": "2026-06-03T16:46:24.215699", "player": "Ianique Tavares “Stopira”", "club": null, "url": null, "status": "not_found"}
{"timestamp": "2026-06-03T16:46:24.582649", "player": "Edilson Borges “Diney”", "club": null, "url": null, "status": "not_found"}
{"timestamp": "2026-06-03T16:46:25.389513", "player": "Kevin Pina", "club": null, "url": null, "status": "not_found"}
{"timestamp": "2026-06-03T16:46:25.785401", "player": "Mohammed Al-Shamat", "club": null, "url": null, "status": "not_found"}
{"timestamp": "2026-06-03T16:46:26.265172", "player": "Alaa Al-Hajji", "club": null, "url": null, "status": "not_found"}
{"timestamp": "2026-06-03T16:46:27.443900", "player": "Maximiliano Araújo", "club": null, "url": null, "status": "not_found"}
{"timestamp": "2026-06-03T16:46:27.943371", "player": "Rocky ⁠Bushiri", "club": null, "url": null, "status": "not_found"}
{"timestamp": "2026-06-03T16:46:29.446659", "player": "Nicolás González", "club": null, "url": null, "status": "not_found"}
{"timestamp": "2026-06-03T16:46:29.800024", "player": "Abdelatif Ramdane", "club": null, "url": null, "status": "not_found"}
{"timestamp": "2026-06-03T16:46:30.259113", "player": "Yacine Titraoui", "club": null, "url": null, "status": "not_found"}
{"timestamp": "2026-06-03T16:46:30.662766", "player": "Noor Bani Attieh", "club": null, "url": null, "status": "not_found"}
{"timestamp": "2026-06-03T16:46:31.041262", "player": "Saleem Obeid", "club": null, "url": null, "status": "not_found"}
{"timestamp": "2026-06-03T16:46:31.487051", "player": "Mousa Al-Tamari", "club": null, "url": null, "status": "not_found"}
{"timestamp": "2026-06-03T16:46:31.896738", "player": "Ouda Al-Fakhouri", "club": null, "url": null, "status": "not_found"}
{"timestamp": "2026-06-03T16:46:32.412873", "player": "Mohammad Abu Zraiq", "club": null, "url": null, "status": "not_found"}
{"timestamp": "2026-06-03T16:46:32.820356", "player": "Nematov Abduvohid", "club": null, "url": null, "status": "not_found"}
{"timestamp": "2026-06-03T16:46:33.230228", "player": "Alijonov Khojiakbar", "club": null, "url": null, "status": "not_found"}
{"timestamp": "2026-06-03T16:46:33.641669", "player": "Karimov Behruzjon", "club": null, "url": null, "status": "not_found"}
{"timestamp": "2026-06-03T16:46:33.978993", "player": "Ulmasaliyev Avazbek", "club": null, "url": null, "status": "not_found"}
{"timestamp": "2026-06-03T16:46:34.452392", "player": "Xamrobekov Odiljon", "club": null, "url": null, "status": "not_found"}
{"timestamp": "2026-06-03T16:46:34.836263", "player": "Ganiev Azizjon", "club": null, "url": null, "status": "not_found"}
{"timestamp": "2026-06-03T16:46:35.225369", "player": "Amonov Azizbek", "club": null, "url": null, "status": "not_found"}
{"timestamp": "2026-06-03T16:46:36.627047", "player": "Carlos Gómez", "club": null, "url": null, "status": "not_found"}
{"timestamp": "2026-06-03T16:46:37.752185", "player": "Juan Camilo Hernández", "club": null, "url": null, "status": "not_found"}
{"timestamp": "2026-06-03T16:46:38.143012", "player": "Salomon Agbasi Lawrence Ati-Zigi", "club": null, "url": null, "status": "not_found"}
{"timestamp": "2026-06-03T16:46:38.511157", "player": "Kojo Oppong Preprah", "club": null, "url": null, "status": "not_found"}
{"timestamp": "2026-06-03T16:46:39.582245", "player": "Alexander Djiku", "club": null, "url": null, "status": "not_found"}
{"timestamp": "2026-06-03T16:46:40.548125", "player": "Thomas Partey", "club": null, "url": null, "status": "not_found"}
{"timestamp": "2026-06-03T16:46:41.014094", "player": "Kamal Deen Sulemana", "club": null, "url": null, "status": "not_found"}
{"timestamp": "2026-06-03T16:46:42.048504", "player": "Antoine Semenyo", "club": null, "url": null, "status": "not_found"}
{"timestamp": "2026-06-03T16:46:43.460808", "player": "Tomás Rodríguez", "club": null, "url": null, "status": "not_found"}
{"timestamp": "2026-06-03T16:46:44.405848", "player": "Tomás Rodríguez", "club": null, "url": null, "status": "not_found"}
